
Merging object attributes


There are no discarded input sections

Настройки памяти

Имя           Происхождение Длина         Атрибуты
*default*        0x00000000         0xffffffff

Сценарий компоновщика и карта памяти

                0x00010000                        . = 0x10000

.text           0x00010000       0x54
 *(.text)
 .text          0x00010000       0x10 loader.o
                0x00010000                _start
                0x0001000c                _finish
 .text          0x00010010        0x0 meow.c.o
 *(.text.*)
 .text.startup  0x00010010       0x44 meow.c.o
                0x00010010                main
LOAD loader.o
LOAD meow.c.o
OUTPUT(meow.out elf32-littleriscv)

.data           0x00010054        0x0
 .data          0x00010054        0x0 loader.o
 .data          0x00010054        0x0 meow.c.o

.bss            0x00010054        0x0
 .bss           0x00010054        0x0 loader.o
 .bss           0x00010054        0x0 meow.c.o

.riscv.attributes
                0x00000000       0x1c
 .riscv.attributes
                0x00000000       0x1a loader.o
 .riscv.attributes
                0x0000001a       0x1c meow.c.o

.comment        0x00000000        0xf
 .comment       0x00000000        0xf meow.c.o
                                 0x10 (размер перед ослаблением)

.note.GNU-stack
                0x00000000        0x0
 .note.GNU-stack
                0x00000000        0x0 meow.c.o
